[dotenv@17.3.1] injecting env (6) from .env -- tip: ≡ƒöÉ prevent committing .env to code: https://dotenvx.com/precommit
Testing with model: gemini-3-flash-preview
node : Error caught: {"error"
:{"code":429,"message":"You 
exceeded your current quota, 
please check your plan and 
billing details. For more 
information on this error, 
head to: https://ai.google.de
v/gemini-api/docs/rate-limits
. To monitor your current 
usage, head to: 
https://ai.dev/rate-limit. 
\n* Quota exceeded for 
metric: generativelanguage.go
ogleapis.com/generate_content
_free_tier_requests, limit: 
20, model: 
gemini-3-flash\nPlease retry 
in 23.349459174s.","status":"
RESOURCE_EXHAUSTED","details"
:[{"@type":"type.googleapis.c
om/google.rpc.Help","links":[
{"description":"Learn more 
about Gemini API quotas","url
":"https://ai.google.dev/gemi
ni-api/docs/rate-limits"}]},{
"@type":"type.googleapis.com/
google.rpc.QuotaFailure","vio
lations":[{"quotaMetric":"gen
erativelanguage.googleapis.co
m/generate_content_free_tier_
requests","quotaId":"Generate
RequestsPerDayPerProjectPerMo
del-FreeTier","quotaDimension
s":{"location":"global","mode
l":"gemini-3-flash"},"quotaVa
lue":"20"}]},{"@type":"type.g
oogleapis.com/google.rpc.Retr
yInfo","retryDelay":"23s"}]}}
At line:1 char:1
+ node tmp/test_new_sdk.js > 
tmp/test_output.txt 2>&1
+ ~~~~~~~~~~~~~~~~~~~~~~~~~~~
~~~~~~~~~~~~~~~~~~~~~~~~
    + CategoryInfo           
   : NotSpecified: (Error c  
  aught: {...elay":"23s"}]   
 }}:String) [], RemoteExc    
eption
    + FullyQualifiedErrorId  
   : NativeCommandError
 
ApiError: {"error":{"code":42
9,"message":"You exceeded 
your current quota, please 
check your plan and billing 
details. For more 
information on this error, 
head to: https://ai.google.de
v/gemini-api/docs/rate-limits
. To monitor your current 
usage, head to: 
https://ai.dev/rate-limit. 
\n* Quota exceeded for 
metric: generativelanguage.go
ogleapis.com/generate_content
_free_tier_requests, limit: 
20, model: 
gemini-3-flash\nPlease retry 
in 23.349459174s.","status":"
RESOURCE_EXHAUSTED","details"
:[{"@type":"type.googleapis.c
om/google.rpc.Help","links":[
{"description":"Learn more 
about Gemini API quotas","url
":"https://ai.google.dev/gemi
ni-api/docs/rate-limits"}]},{
"@type":"type.googleapis.com/
google.rpc.QuotaFailure","vio
lations":[{"quotaMetric":"gen
erativelanguage.googleapis.co
m/generate_content_free_tier_
requests","quotaId":"Generate
RequestsPerDayPerProjectPerMo
del-FreeTier","quotaDimension
s":{"location":"global","mode
l":"gemini-3-flash"},"quotaVa
lue":"20"}]},{"@type":"type.g
oogleapis.com/google.rpc.Retr
yInfo","retryDelay":"23s"}]}}
    at throwErrorIfNotOK (C:\
Users\siddh\Videos\student ma
ngement\node_modules\@google\
genai\dist\node\index.cjs:127
06:30)
    at process.processTicksAn
dRejections (node:internal/pr
ocess/task_queues:104:5)
    at async C:\Users\siddh\V
ideos\student mangement\node_
modules\@google\genai\dist\no
de\index.cjs:12409:13
    at async 
Models.generateContent (C:\Us
ers\siddh\Videos\student mang
ement\node_modules\@google\ge
nai\dist\node\index.cjs:13810
:24)
    at async main (C:\Users\s
iddh\Videos\student mangement
\tmp\test_new_sdk.js:12:22)
